main.c:98:5:main	224	static
main.c:200:6:SystemClock_Config	104	static
main.c:251:13:MX_I2C1_Init	8	static
main.c:285:13:MX_I2S3_Init	8	static
main.c:319:13:MX_SPI1_Init	8	static
main.c:357:13:MX_USART2_UART_Init	8	static
main.c:390:13:MX_GPIO_Init	56	static
main.c:488:6:StartDefaultTask1	16	static
main.c:506:6:StartDefaultTask2	16	static
main.c:524:6:StartDefaultTask3	16	static
main.c:542:6:StartDefaultTask4	16	static
main.c:563:6:StartDefaultTask5	40	static
main.c:589:6:StartDefaultTask6	40	static
main.c:617:6:StartDefaultTask7	56	static
main.c:655:6:Error_Handler	4	static
